Строка 7, позиция 13: Возможно, в слове GetLenght есть ошибка в написании. 
Строка 15, позиция 14: Возможно, в слове Retrun есть ошибка в написании. 
Строка 9, позиция 7: Возможно, в слове lenght есть ошибка в написании. 
Строка 11, позиция 7: Возможно, в слове colunm есть ошибка в написании. 
Строка 5, позиция 13: Возможно, в слове Coutn есть ошибка в написании. 
Строка 6, позиция 13: Возможно, в слове Colunm есть ошибка в написании. 