region b
region c
endregion c
endregion b


region f
region g
endregion f
region h
endregion g
endregion h