
region d
region e
endregion d
endregion e

region f
region g
endregion f
region h
endregion g
endregion h