region b
region c
endregion c
endregion b

region d
region e
endregion d
endregion e

