regions[0] = public string Method()
{
	return "a";
}

public string Method(int a)
{
	return a.ToString("0");
}

private string Method(string a)
{
	return a;
}
regions[1] = return;
regions[2] = public string Method()
{
	return "a";
}

//region methods_2_and_3

public string Method(int a)
{
	return a.ToString("0");
}
regions[3] = public string Method(int a)
{
	return a.ToString("0");
}

//endregion methods_1_and_2

private string Method(string a)
{
	return a;
}
