solution index: 207
Code:
//region all

using System;
using System.IO;

namespace uLearn.tests
{
	internal class OverloadedMethods : IRunnable
	{
		//region methods_1_and_2
		public string Method()
		{
			return "a";
		}


#line 1

		public void Main()
		{
			return;
		}

		private static void Region()
		{
		}
	}
}

/*
region Region
Not method
endregion Region 
 */

//endregion all