//region all

using System;
using System.IO;

namespace uLearn.tests
{
	internal class OverloadedMethods : IRunnable
	{

		private string Method(string a)
		{
			return a;
		}

		//endregion methods_2_and_3

		public void Main()
		{
			return;
		}

		private static void Region()
		{
		}
	}
}

/*
region Region
Not method
endregion Region 
 */

//endregion all