regions[0] = public string Method()
{
	return "a";
}

//region methods_2_and_3

public string Method(int a)
{
	return a.ToString("0");
}
regions[1] = public string Method(int a)
{
	return a.ToString("0");
}

//endregion methods_1_and_2

private string Method(string a)
{
	return a;
}
