public string Method()
{
	return "a";
}

//region methods_2_and_3

public string Method(int a)
{
	return a.ToString("0");
}

