public struct Struct
{
	private int x;
	private int y, z;
}