//region all

namespace uLearn.tests
{
	internal class OverloadedMethods : IRunnable
	{
		//region methods_1_and_2
		public string Method()
		{
		}

		//region methods_2_and_3

		public string Method(int a)
		{
		}

		//endregion methods_1_and_2

		private string Method(string a)
		{
		}

		//endregion methods_2_and_3

		public void Main()
		{
		}

		private static void Region()
		{
		}
	}
}

/*
region Region
Not method
endregion Region 
 */

//endregion all