//region all

namespace uLearn.tests
{
	internal class OverloadedMethods : IRunnable
	{
		//region methods_1_and_2
		

		//region methods_2_and_3

		

		//endregion methods_1_and_2

		

		//endregion methods_2_and_3

		public void Main()
		{
			return;
		}

		private static void Region()
		{
		}
	}
}

/*
region Region
Not method
endregion Region 
 */

//endregion all