//region all

namespace uLearn.tests
{
	
}

/*
region Region
Not method
endregion Region 
 */

//endregion all